<html>
<body>
<pre>
<h1>µVision Build Log</h1>
<h2>Tool Versions:</h2>
IDE-Version: ¦ÌVision V5.15
Copyright (C) 2015 ARM Ltd and ARM Germany GmbH. All rights reserved.
License Information: Yang ChaoXu, JXGF, LIC=32BNN-Y6NAB-ZWH2V-PGTX5-KKDDR-G1BXD
 
Tool Versions:
Toolchain:       MDK-ARM Standard  Version: 5.15.0
Toolchain Path:  D:\Keil_v5\ARM\ARMCC\Bin
C Compiler:      Armcc.exe V5.05 update 2 (build 169)
Assembler:       Armasm.exe V5.05 update 2 (build 169)
Linker/Locator:  ArmLink.exe V5.05 update 2 (build 169)
Library Manager: ArmAr.exe V5.05 update 2 (build 169)
Hex Converter:   FromElf.exe V5.05 update 2 (build 169)
CPU DLL:         SARMCM3.DLL V5.15.0
Dialog DLL:      DARMP1.DLL V1.25.0.0
Target DLL:      Segger\JL2CM3.dll V2.99.15.0
Dialog DLL:      TARMP1.DLL V1.24.0.0
 
<h2>Project:</h2>
E:\CheckOut\Local_CODE_SVN\JXGF_LNG_V4.0_IAP_Bootloader\Bootloader.uvproj
Project File Date:  03/29/2017

<h2>Output:</h2>
*** Using Compiler 'V5.05 update 2 (build 169)', folder: 'D:\Keil_v5\ARM\ARMCC\Bin'
Build target 'ReleasInFlash'
linking...
Program Size: Code=3176 RO-data=796 RW-data=24 ZI-data=9376  
FromELF: creating hex file...
After Build - User command #1: fromelf.exe --bin -o "E:\CheckOut\Local_CODE_SVN\JXGF_LNG_V4.0_IAP_Bootloader\ouput\FLASH\LPC177x_8x.bin" "E:\CheckOut\Local_CODE_SVN\JXGF_LNG_V4.0_IAP_Bootloader\ouput\FLASH\LPC177x_8x.axf"
".\ouput\FLASH\LPC177x_8x.axf" - 0 Error(s), 0 Warning(s).
</pre>
</body>
</html>
